  AnimatedPlatform.cpp
  Animation.cpp
  Application.cpp
  Attacker.cpp
  Bar.cpp
  Button.cpp
  ChasePlayer.cpp
  DataTable.cpp
  Door.cpp
  Enemy.cpp
  FallingPlatform.cpp
  FleePlayer.cpp
  GameState.cpp
  Greatsword.cpp
  Image.cpp
  Interact.cpp
  Label.cpp
  LoadingState.cpp
  MakeAttack.cpp
  MenuState.cpp
  Generating Code...
  Compiling...
  MovingPlatform.cpp
  NormalPlatform.cpp
  OverlayState.cpp
  PauseState.cpp
  Player.cpp
  Player_Entity.cpp
  Scene_Builder.cpp
  SettingsState.cpp
  Slash.cpp
  TitleState.cpp
  ViewArea.cpp
  ViewHandler.cpp
  Weapon.cpp
  World.cpp
  main.cpp
C:\Users\natha\Documents\GitHub\Scorch\Scorch\main.cpp(14,25): warning C4101: 'e': unreferenced local variable
  Generating Code...
  Scorch.vcxproj -> C:\Users\natha\Documents\GitHub\Scorch\Scorch\x64\Debug\Scorch.exe
