c:\users\natha\documents\github\scorch\scorch\scorch\x64\release\vc143.pdb
c:\users\natha\documents\github\scorch\scorch\scorch\x64\release\fallingplatform.obj
c:\users\natha\documents\github\scorch\scorch\scorch\x64\release\entity.obj
c:\users\natha\documents\github\scorch\scorch\scorch\x64\release\enemy.obj
c:\users\natha\documents\github\scorch\scorch\scorch\x64\release\door.obj
c:\users\natha\documents\github\scorch\scorch\scorch\x64\release\datatable.obj
c:\users\natha\documents\github\scorch\scorch\scorch\x64\release\container.obj
c:\users\natha\documents\github\scorch\scorch\scorch\x64\release\component.obj
c:\users\natha\documents\github\scorch\scorch\scorch\x64\release\commandqueue.obj
c:\users\natha\documents\github\scorch\scorch\scorch\x64\release\command.obj
c:\users\natha\documents\github\scorch\scorch\scorch\x64\release\chaseplayer.obj
c:\users\natha\documents\github\scorch\scorch\scorch\x64\release\changeableanimation.obj
c:\users\natha\documents\github\scorch\scorch\scorch\x64\release\button.obj
c:\users\natha\documents\github\scorch\scorch\scorch\x64\release\bar.obj
c:\users\natha\documents\github\scorch\scorch\scorch\x64\release\attacker.obj
c:\users\natha\documents\github\scorch\scorch\scorch\x64\release\attack.obj
c:\users\natha\documents\github\scorch\scorch\scorch\x64\release\application.obj
c:\users\natha\documents\github\scorch\scorch\scorch\x64\release\animation.obj
c:\users\natha\documents\github\scorch\scorch\scorch\x64\release\animatedplatform.obj
c:\users\natha\documents\github\scorch\scorch\scorch\x64\release\actionable.obj
c:\users\natha\documents\github\scorch\scorch\scorch\x64\release\pause.obj
c:\users\natha\documents\github\scorch\scorch\scorch\x64\release\overlaystate.obj
c:\users\natha\documents\github\scorch\scorch\scorch\x64\release\normalplatform.obj
c:\users\natha\documents\github\scorch\scorch\scorch\x64\release\movingplatform.obj
c:\users\natha\documents\github\scorch\scorch\scorch\x64\release\movedis.obj
c:\users\natha\documents\github\scorch\scorch\scorch\x64\release\move.obj
c:\users\natha\documents\github\scorch\scorch\scorch\x64\release\movable.obj
c:\users\natha\documents\github\scorch\scorch\scorch\x64\release\menustate.obj
c:\users\natha\documents\github\scorch\scorch\scorch\x64\release\makeattack.obj
c:\users\natha\documents\github\scorch\scorch\scorch\x64\release\main.obj
c:\users\natha\documents\github\scorch\scorch\scorch\x64\release\lock.obj
c:\users\natha\documents\github\scorch\scorch\scorch\x64\release\loadingstate.obj
c:\users\natha\documents\github\scorch\scorch\scorch\x64\release\label.obj
c:\users\natha\documents\github\scorch\scorch\scorch\x64\release\jump.obj
c:\users\natha\documents\github\scorch\scorch\scorch\x64\release\interactable.obj
c:\users\natha\documents\github\scorch\scorch\scorch\x64\release\interact.obj
c:\users\natha\documents\github\scorch\scorch\scorch\x64\release\image.obj
c:\users\natha\documents\github\scorch\scorch\scorch\x64\release\greatsword.obj
c:\users\natha\documents\github\scorch\scorch\scorch\x64\release\gamestate.obj
c:\users\natha\documents\github\scorch\scorch\scorch\x64\release\fleeplayer.obj
c:\users\natha\documents\github\scorch\scorch\scorch\x64\release\viewhandler.obj
c:\users\natha\documents\github\scorch\scorch\scorch\x64\release\viewarea.obj
c:\users\natha\documents\github\scorch\scorch\scorch\x64\release\utility.obj
c:\users\natha\documents\github\scorch\scorch\scorch\x64\release\useweapon.obj
c:\users\natha\documents\github\scorch\scorch\scorch\x64\release\titlestate.obj
c:\users\natha\documents\github\scorch\scorch\scorch\x64\release\statestack.obj
c:\users\natha\documents\github\scorch\scorch\scorch\x64\release\state.obj
c:\users\natha\documents\github\scorch\scorch\scorch\x64\release\spritenode.obj
c:\users\natha\documents\github\scorch\scorch\scorch\x64\release\slash.obj
c:\users\natha\documents\github\scorch\scorch\scorch\x64\release\settingsstate.obj
c:\users\natha\documents\github\scorch\scorch\scorch\x64\release\settings.obj
c:\users\natha\documents\github\scorch\scorch\scorch\x64\release\scene_builder.obj
c:\users\natha\documents\github\scorch\scorch\scorch\x64\release\scenenode.obj
c:\users\natha\documents\github\scorch\scorch\scorch\x64\release\relativerect.obj
c:\users\natha\documents\github\scorch\scorch\scorch\x64\release\projectile.obj
c:\users\natha\documents\github\scorch\scorch\scorch\x64\release\player_entity.obj
c:\users\natha\documents\github\scorch\scorch\scorch\x64\release\player.obj
c:\users\natha\documents\github\scorch\scorch\scorch\x64\release\platformer.obj
c:\users\natha\documents\github\scorch\scorch\scorch\x64\release\platform.obj
c:\users\natha\documents\github\scorch\scorch\scorch\x64\release\pausestate.obj
c:\users\natha\documents\github\scorch\scorch\scorch\x64\release\worldcommand.obj
c:\users\natha\documents\github\scorch\scorch\scorch\x64\release\world.obj
c:\users\natha\documents\github\scorch\scorch\scorch\x64\release\with.obj
c:\users\natha\documents\github\scorch\scorch\scorch\x64\release\weaponwielder.obj
c:\users\natha\documents\github\scorch\scorch\scorch\x64\release\weaponinteractable.obj
c:\users\natha\documents\github\scorch\scorch\scorch\x64\release\weapon.obj
c:\users\natha\documents\github\scorch\scorch\scorch\x64\release\logger.obj
c:\users\natha\documents\github\scorch\scorch\scorch\x64\release\animatable.obj
c:\users\natha\documents\github\scorch\scorch\scorch\x64\release\changeanimation.obj
c:\users\natha\documents\github\scorch\scorch\scorch\x64\release\weaponpickup.obj
c:\users\natha\documents\github\scorch\scorch\scorch\x64\release\weaponbuilder.obj
c:\users\natha\documents\github\scorch\scorch\scorch\x64\release\saveselectorstate.obj
c:\users\natha\documents\github\scorch\scorch\scorch\x64\release\changeweapon.obj
c:\users\natha\documents\github\scorch\scorch\scorch\x64\release\npc.obj
c:\users\natha\documents\github\scorch\scorch\scorch\x64\release\timekeeper.obj
c:\users\natha\documents\github\scorch\scorch\scorch\x64\release\vc145.pdb
c:\users\natha\documents\github\scorch\scorch\scorch\x64\release\skybackground.obj
c:\users\natha\documents\github\scorch\scorch\scorch\x64\release\particleemitter.obj
c:\users\natha\documents\github\scorch\scorch\scorch\x64\release\worldaction.obj
c:\users\natha\documents\github\scorch\scorch\scorch\x64\release\setworldmode.obj
c:\users\natha\documents\github\scorch\scorch\scorch\x64\release\waitforsignalworld.obj
c:\users\natha\documents\github\scorch\scorch\scorch\x64\release\waitforsignal.obj
c:\users\natha\documents\github\scorch\scorch\scorch\x64\release\emitsignal.obj
c:\users\natha\documents\github\scorch\scorch\scorch\x64\release\signals.obj
c:\users\natha\documents\github\scorch\scorch\scorch\x64\release\deployaction.obj
c:\users\natha\documents\github\scorch\scorch\scorch\x64\release\action.obj
c:\users\natha\documents\github\scorch\scorch\scorch\x64\release\roam.obj
c:\users\natha\documents\github\scorch\scorch\scorch\x64\release\bossoverlaystate.obj
c:\users\natha\documents\github\scorch\scorch\scorch\x64\release\boss.obj
c:\users\natha\documents\github\scorch\scorch\scorch\x64\release\talkable.obj
c:\users\natha\documents\github\scorch\scorch\scorch\x64\release\dash.obj
c:\users\natha\documents\github\scorch\scorch\scorch\x64\release\platformermovementsuite.obj
c:\users\natha\documents\github\scorch\scorch\scorch\x64\release\scorch.ipdb
c:\users\natha\documents\github\scorch\scorch\scorch\x64\release\scorch.iobj
c:\users\natha\documents\github\scorch\scorch\scorch\x64\release\actions.obj
c:\users\natha\documents\github\scorch\scorch\scorch\x64\release\savehandler.obj
c:\users\natha\documents\github\scorch\scorch\scorch\x64\release\worldsequence.obj
c:\users\natha\documents\github\scorch\scorch\x64\release\scorch.pdb
c:\users\natha\documents\github\scorch\scorch\scorch\x64\release\scorch.tlog\cl.command.1.tlog
c:\users\natha\documents\github\scorch\scorch\scorch\x64\release\scorch.tlog\cl.items.tlog
c:\users\natha\documents\github\scorch\scorch\scorch\x64\release\scorch.tlog\cl.read.1.tlog
c:\users\natha\documents\github\scorch\scorch\scorch\x64\release\scorch.tlog\cl.write.1.tlog
c:\users\natha\documents\github\scorch\scorch\scorch\x64\release\scorch.tlog\link.command.1.tlog
c:\users\natha\documents\github\scorch\scorch\scorch\x64\release\scorch.tlog\link.read.1.tlog
c:\users\natha\documents\github\scorch\scorch\scorch\x64\release\scorch.tlog\link.secondary.1.tlog
c:\users\natha\documents\github\scorch\scorch\scorch\x64\release\scorch.tlog\link.write.1.tlog
